HI-TECH Software C Compiler 

Linker command line:

--edf=C:\Program Files (x86)\HI-TECH Software\PICC\9.81\dat\en_msgs.txt -cs \
  -h+dinogame.sym -z -Q16F877A -ol.obj -Mdinogame.map -E1 \
  -ACONST=00h-0FFhx32 -ACODE=00h-07FFhx4 -ASTRCODE=00h-01FFFh \
  -AENTRY=00h-0FFhx32 -ASTRING=00h-0FFhx32 -ABANK0=020h-06Fh \
  -ABANK1=0A0h-0EFh -ABANK2=0110h-016Fh -ABANK3=0190h-01EFh \
  -ARAM=020h-06Fh,0A0h-0EFh,0110h-016Fh,0190h-01EFh \
  -AABS1=020h-07Fh,0A0h-0EFh,0110h-016Fh,0190h-01EFh -ACOMMON=070h-07Fh \
  -ASFR0=00h-01Fh -ASFR1=080h-09Fh -ASFR2=0100h-010Fh -ASFR3=0180h-018Fh \
  -preset_vec=00h,intentry,init,end_init -ppowerup=CODE -pfunctab=CODE \
  -ACONFIG=02007h-02007h -pconfig=CONFIG -DCONFIG=2 -AIDLOC=02000h-02003h \
  -pidloc=IDLOC -DIDLOC=2 -AEEDATA=00h-0FFh/02100h -peeprom_data=EEDATA \
  -DEEDATA=2 -DCODE=2 -DSTRCODE=2 -DSTRING=2 -DCONST=2 -DENTRY=2 -k \
  startup.obj dinogame.obj 

Object code version is 3.10

Machine type is 16F877A



                Name                               Link     Load   Length Selector   Space Scale
startup.obj     end_init                              0        0        3        0       0
dinogame.obj    config                             2007     2007        1     400E       0
                text180                             497      497       15      92E       0
                text179                             4AC      4AC       15      958       0
                text178                             591      591       55      B22       0
                text177                             4F9      4F9       46      9F2       0
                text176                             53F      53F       52      A7E       0
                text175                             5E6      5E6       A8      BCC       0
                maintext                            68E      68E      172      D1C       0
                cstackBANK0                          20       20       26       20       1
                cstackCOMMON                         70       70        D       70       1
                inittext                            486      486       11      90C       0
                dataBANK0                            46       46       18       20       1
                bssBANK0                             5E       5E        E       20       1
                cinit                               4D9      4D9       20      9B2       0
                strings                               3        3       24        6       0
                idataBANK0                          4C1      4C1       18      982       0

TOTAL           Name                               Link     Load   Length     Space
        CLASS   CONST          

        CLASS   CODE           
                end_init                              0        0        3         0
                text180                             497      497       15         0
                text179                             4AC      4AC       15         0
                text178                             591      591       55         0
                text177                             4F9      4F9       46         0
                text176                             53F      53F       52         0
                text175                             5E6      5E6       A8         0
                maintext                            68E      68E      172         0
                inittext                            486      486       11         0
                cinit                               4D9      4D9       20         0
                idataBANK0                          4C1      4C1       18         0

        CLASS   STRCODE        

        CLASS   ENTRY          

        CLASS   STRING         
                strings                               3        3       24         0

        CLASS   BANK0          
                cstackBANK0                          20       20       26         1
                dataBANK0                            46       46       18         1
                bssBANK0                             5E       5E        E         1

        CLASS   BANK1          

        CLASS   BANK2          

        CLASS   BANK3          

        CLASS   RAM            

        CLASS   ABS1           
                abs_s1                               7E       7E        2         1

        CLASS   COMMON         
                cstackCOMMON                         70       70        D         1

        CLASS   SFR0           

        CLASS   SFR1           

        CLASS   SFR2           

        CLASS   SFR3           

        CLASS   CONFIG         
                config                             2007     2007        1         0

        CLASS   IDLOC          

        CLASS   EEDATA         



SEGMENTS        Name                           Load    Length   Top    Selector   Space  Class     Delta

                reset_vec                      000000  000003  000003         0       0  CODE        2
                strings                        000003  000024  000027         6       0  STRING      2
                cstackBANK0                    000020  00004C  00006C        20       1  BANK0       1
                cstackCOMMON                   000070  00000D  00007D        70       1  COMMON      1
                inittext                       000486  000011  000497       90C       0  CODE        2
                text180                        000497  000015  0004AC       92E       0  CODE        2
                text179                        0004AC  000015  0004C1       958       0  CODE        2
                idataBANK0                     0004C1  000018  0004D9       982       0  CODE        2
                cinit                          0004D9  000020  0004F9       9B2       0  CODE        2
                text177                        0004F9  000046  00053F       9F2       0  CODE        2
                text176                        00053F  000052  000591       A7E       0  CODE        2
                text178                        000591  000055  0005E6       B22       0  CODE        2
                text175                        0005E6  0000A8  00068E       BCC       0  CODE        2
                maintext                       00068E  000172  000800       D1C       0  CODE        2
                config                         002007  000001  002008      400E       0  CONFIG      2


UNUSED ADDRESS RANGES

        Name                Unused          Largest block    Delta
        BANK0            006C-006F              4           1
        BANK1            00A0-00EF             50           1
        BANK2            0110-016F             60           1
        BANK3            0190-01EF             60           1
        CODE             0027-0485            45F           2
                         0800-1FFF            800
        COMMON           007D-007D              1           1
        CONST            0027-0485            100           2
                         0800-1FFF            100
        EEDATA           2100-21FF            100           2
        ENTRY            0027-0485            100           2
                         0800-1FFF            100
        IDLOC            2000-2003              4           2
        RAM              006C-006F              4           1
                         00A0-00EF             50
                         0110-016F             60
                         0190-01EF             60
        SFR0             0000-001F             20           1
        SFR1             0080-009F             20           1
        SFR2             0100-010F             10           1
        SFR3             0180-018F             10           1
        STRCODE          0027-0485            45F           2
                         0800-1FFF           1800
        STRING           0027-0485            100           2
                         0800-1FFF            100

                                  Symbol Table

??_character          cstackCOMMON 0074
??_cmd                cstackCOMMON 0070
??_data               cstackCOMMON 0070
??_jump               cstackCOMMON 0073
??_main               cstackBANK0  0020
??_score              cstackCOMMON 0076
??_stop               cstackCOMMON 0073
?_character           cstackCOMMON 0073
?_cmd                 cstackCOMMON 0070
?_data                cstackCOMMON 0070
?_jump                cstackCOMMON 0070
?_main                cstackCOMMON 0070
?_score               cstackCOMMON 0070
?_stop                cstackCOMMON 0070
_PORTD                (abs)        0008
_RC0                  (abs)        0038
_RC1                  (abs)        0039
_RC2                  (abs)        003A
_RC3                  (abs)        003B
_TRISC                (abs)        0087
_TRISC3               (abs)        043B
_TRISD                (abs)        0088
__Habs1               abs1         0000
__Hbank0              bank0        0000
__Hbank1              bank1        0000
__Hbank2              bank2        0000
__Hbank3              bank3        0000
__HbssBANK0           bssBANK0     0000
__Hcinit              cinit        0000
__Hclrtext            clrtext      0000
__Hcode               code         0000
__Hcommon             common       0000
__Hconfig             config       2008
__HcstackBANK0        cstackBANK0  0000
__HcstackCOMMON       cstackCOMMON 0000
__HdataBANK0          dataBANK0    0000
__Heeprom_data        eeprom_data  0000
__Hend_init           end_init     0003
__Hfunctab            functab      0000
__HidataBANK0         idataBANK0   0000
__Hidloc              idloc        0000
__Hinit               init         0000
__Hinittext           inittext     0000
__Hintentry           intentry     0000
__Hmaintext           maintext     0000
__Hpowerup            powerup      0000
__Hram                ram          0000
__Hreset_vec          reset_vec    0000
__Hsfr0               sfr0         0000
__Hsfr1               sfr1         0000
__Hsfr2               sfr2         0000
__Hsfr3               sfr3         0000
__Hstrings            strings      0000
__Htext               text         0000
__Labs1               abs1         0000
__Lbank0              bank0        0000
__Lbank1              bank1        0000
__Lbank2              bank2        0000
__Lbank3              bank3        0000
__LbssBANK0           bssBANK0     0000
__Lcinit              cinit        0000
__Lclrtext            clrtext      0000
__Lcode               code         0000
__Lcommon             common       0000
__Lconfig             config       2007
__LcstackBANK0        cstackBANK0  0000
__LcstackCOMMON       cstackCOMMON 0000
__LdataBANK0          dataBANK0    0000
__Leeprom_data        eeprom_data  0000
__Lend_init           end_init     0000
__Lfunctab            functab      0000
__LidataBANK0         idataBANK0   0000
__Lidloc              idloc        0000
__Linit               init         0000
__Linittext           inittext     0000
__Lintentry           intentry     0000
__Lmaintext           maintext     0000
__Lpowerup            powerup      0000
__Lram                ram          0000
__Lreset_vec          reset_vec    0000
__Lsfr0               sfr0         0000
__Lsfr1               sfr1         0000
__Lsfr2               sfr2         0000
__Lsfr3               sfr3         0000
__Lstrings            strings      0000
__Ltext               text         0000
__S0                  (abs)        2008
__S1                  (abs)        007D
__S2                  (abs)        0000
__end_of_character    text178      05E6
__end_of_cmd          text180      04AC
__end_of_data         text179      04C1
__end_of_jump         text177      053F
__end_of_main         maintext     0800
__end_of_score        text175      068E
__end_of_stop         text176      0591
__pbssBANK0           bssBANK0     005E
__pcstackBANK0        cstackBANK0  0020
__pcstackCOMMON       cstackCOMMON 0070
__pdataBANK0          dataBANK0    0046
__pidataBANK0         idataBANK0   04C1
__pmaintext           maintext     068E
__pstrings            strings      0003
__ptext175            text175      05E6
__ptext176            text176      053F
__ptext177            text177      04F9
__ptext178            text178      0591
__ptext179            text179      04AC
__ptext180            text180      0497
__ptext181            text181      0000
__size_of_character   (abs)        0000
__size_of_cmd         (abs)        0000
__size_of_data        (abs)        0000
__size_of_jump        (abs)        0000
__size_of_main        (abs)        0000
__size_of_score       (abs)        0000
__size_of_stop        (abs)        0000
_c                    bssBANK0     0066
_character            text178      0591
_cmd                  text180      0497
_data                 text179      04AC
_exit                 init         0000
_i                    bssBANK0     0068
_jump                 text177      04F9
_k                    bssBANK0     006A
_main                 maintext     068E
_score                text175      05E6
_stop                 text176      053F
btemp                 (abs)        007E
character@car         cstackCOMMON 0076
character@i           cstackCOMMON 0077
character@location    cstackCOMMON 0073
cmd@command           cstackCOMMON 0072
data@data1            cstackCOMMON 0072
end_of_initialization cinit        04F5
init_fetch            inittext     0486
init_ram              inittext     048A
intlevel0             functab      0000
intlevel1             functab      0000
intlevel2             functab      0000
intlevel3             functab      0000
intlevel4             functab      0000
intlevel5             functab      0000
main@F1103            dataBANK0    0046
main@F1105            dataBANK0    004E
main@F1107            dataBANK0    0056
main@F1109            bssBANK0     005E
main@arr              cstackBANK0  0024
main@arr1             cstackBANK0  002C
main@arr2             cstackBANK0  0034
main@arr3             cstackBANK0  003C
main@i                cstackBANK0  0044
reset_vec             reset_vec    0000
score@j               cstackCOMMON 007B
score@name            cstackCOMMON 0079
score@num             cstackCOMMON 007A
start                 init         0000
start_initialization  cinit        04D9
stop@i                cstackCOMMON 0077
stop@stop             cstackCOMMON 0076
wtemp0                (abs)        007E
